------------------------------------------------------------
Timing Analyzer Summary
------------------------------------------------------------

Type  : Slow 1100mV 85C Model Setup 'CLOCK_50_B5B'
Slack : -2.823
TNS   : -108.548

Type  : Slow 1100mV 85C Model Hold 'CLOCK_50_B5B'
Slack : 0.443
TNS   : 0.000

Type  : Slow 1100mV 85C Model Minimum Pulse Width 'CLOCK_50_B5B'
Slack : -0.538
TNS   : -35.302

Type  : Slow 1100mV 0C Model Setup 'CLOCK_50_B5B'
Slack : -2.800
TNS   : -108.002

Type  : Slow 1100mV 0C Model Hold 'CLOCK_50_B5B'
Slack : 0.433
TNS   : 0.000

Type  : Slow 1100mV 0C Model Minimum Pulse Width 'CLOCK_50_B5B'
Slack : -0.538
TNS   : -35.105

Type  : Fast 1100mV 85C Model Setup 'CLOCK_50_B5B'
Slack : -0.918
TNS   : -30.187

Type  : Fast 1100mV 85C Model Hold 'CLOCK_50_B5B'
Slack : 0.202
TNS   : 0.000

Type  : Fast 1100mV 85C Model Minimum Pulse Width 'CLOCK_50_B5B'
Slack : -0.377
TNS   : -18.261

Type  : Fast 1100mV 0C Model Setup 'CLOCK_50_B5B'
Slack : -0.751
TNS   : -23.762

Type  : Fast 1100mV 0C Model Hold 'CLOCK_50_B5B'
Slack : 0.190
TNS   : 0.000

Type  : Fast 1100mV 0C Model Minimum Pulse Width 'CLOCK_50_B5B'
Slack : -0.416
TNS   : -22.427

------------------------------------------------------------
