------------------------------------------------------------
Timing Analyzer Summary
------------------------------------------------------------

Type  : Slow 1100mV 85C Model Setup 'CLOCK_50_B5B'
Slack : -2.688
TNS   : -192.034

Type  : Slow 1100mV 85C Model Hold 'CLOCK_50_B5B'
Slack : 0.344
TNS   : 0.000

Type  : Slow 1100mV 85C Model Minimum Pulse Width 'CLOCK_50_B5B'
Slack : -0.538
TNS   : -65.068

Type  : Slow 1100mV 0C Model Setup 'CLOCK_50_B5B'
Slack : -2.654
TNS   : -188.005

Type  : Slow 1100mV 0C Model Hold 'CLOCK_50_B5B'
Slack : 0.324
TNS   : 0.000

Type  : Slow 1100mV 0C Model Minimum Pulse Width 'CLOCK_50_B5B'
Slack : -0.538
TNS   : -64.992

Type  : Fast 1100mV 85C Model Setup 'CLOCK_50_B5B'
Slack : -0.797
TNS   : -50.670

Type  : Fast 1100mV 85C Model Hold 'CLOCK_50_B5B'
Slack : 0.186
TNS   : 0.000

Type  : Fast 1100mV 85C Model Minimum Pulse Width 'CLOCK_50_B5B'
Slack : -0.376
TNS   : -33.223

Type  : Fast 1100mV 0C Model Setup 'CLOCK_50_B5B'
Slack : -0.646
TNS   : -37.038

Type  : Fast 1100mV 0C Model Hold 'CLOCK_50_B5B'
Slack : 0.169
TNS   : 0.000

Type  : Fast 1100mV 0C Model Minimum Pulse Width 'CLOCK_50_B5B'
Slack : -0.415
TNS   : -40.779

------------------------------------------------------------
