------------------------------------------------------------
Timing Analyzer Summary
------------------------------------------------------------

Type  : Slow 1100mV 85C Model Setup 'CLOCK_50_B5B'
Slack : -4.218
TNS   : -451.581

Type  : Slow 1100mV 85C Model Hold 'CLOCK_50_B5B'
Slack : 0.435
TNS   : 0.000

Type  : Slow 1100mV 85C Model Minimum Pulse Width 'CLOCK_50_B5B'
Slack : -0.538
TNS   : -99.920

Type  : Slow 1100mV 0C Model Setup 'CLOCK_50_B5B'
Slack : -4.193
TNS   : -446.320

Type  : Slow 1100mV 0C Model Hold 'CLOCK_50_B5B'
Slack : 0.444
TNS   : 0.000

Type  : Slow 1100mV 0C Model Minimum Pulse Width 'CLOCK_50_B5B'
Slack : -0.538
TNS   : -99.883

Type  : Fast 1100mV 85C Model Setup 'CLOCK_50_B5B'
Slack : -1.535
TNS   : -150.235

Type  : Fast 1100mV 85C Model Hold 'CLOCK_50_B5B'
Slack : 0.197
TNS   : 0.000

Type  : Fast 1100mV 85C Model Minimum Pulse Width 'CLOCK_50_B5B'
Slack : -0.377
TNS   : -50.826

Type  : Fast 1100mV 0C Model Setup 'CLOCK_50_B5B'
Slack : -1.322
TNS   : -126.955

Type  : Fast 1100mV 0C Model Hold 'CLOCK_50_B5B'
Slack : 0.188
TNS   : 0.000

Type  : Fast 1100mV 0C Model Minimum Pulse Width 'CLOCK_50_B5B'
Slack : -0.416
TNS   : -62.429

------------------------------------------------------------
